[
 "src/kragg/changes.py::core/ExceptionReplacer::0",
 "src/kragg/changes.py::core/ReplaceComparisonOperator_Eq_Gt::0",
 "src/kragg/changes.py::core/ReplaceComparisonOperator_Eq_GtE::0",
 "src/kragg/changes.py::core/ReplaceComparisonOperator_Eq_Is::0",
 "src/kragg/changes.py::core/ReplaceContinueWithBreak::0",
 "src/kragg/critical.py::core/NumberReplacer::3",
 "src/kragg/critical.py::core/NumberReplacer::4",
 "src/kragg/critical.py::core/NumberReplacer::5",
 "src/kragg/critical.py::core/ReplaceBinaryOperator_Sub_Add::0",
 "src/kragg/critical.py::core/ReplaceBinaryOperator_Sub_BitOr::0",
 "src/kragg/critical.py::core/ReplaceBinaryOperator_Sub_BitXor::0",
 "src/kragg/critical.py::core/ReplaceBinaryOperator_Sub_FloorDiv::0",
 "src/kragg/critical.py::core/ReplaceBinaryOperator_Sub_LShift::0",
 "src/kragg/critical.py::core/ReplaceBinaryOperator_Sub_Mul::0",
 "src/kragg/critical.py::core/ReplaceBinaryOperator_Sub_Pow::0",
 "src/kragg/critical.py::core/ReplaceContinueWithBreak::0",
 "src/kragg/critical.py::core/ReplaceContinueWithBreak::1",
 "src/kragg/critical.py::core/ReplaceTrueWithFalse::0",
 "src/kragg/report.py::core/AddNot::13",
 "src/kragg/report.py::core/AddNot::14",
 "src/kragg/report.py::core/AddNot::16",
 "src/kragg/report.py::core/AddNot::18",
 "src/kragg/report.py::core/AddNot::8",
 "src/kragg/report.py::core/ExceptionReplacer::0",
 "src/kragg/report.py::core/NumberReplacer::10",
 "src/kragg/report.py::core/NumberReplacer::11",
 "src/kragg/report.py::core/NumberReplacer::12",
 "src/kragg/report.py::core/NumberReplacer::13",
 "src/kragg/report.py::core/NumberReplacer::14",
 "src/kragg/report.py::core/NumberReplacer::15",
 "src/kragg/report.py::core/NumberReplacer::17",
 "src/kragg/report.py::core/NumberReplacer::18",
 "src/kragg/report.py::core/NumberReplacer::19",
 "src/kragg/report.py::core/NumberReplacer::30",
 "src/kragg/report.py::core/NumberReplacer::31",
 "src/kragg/report.py::core/NumberReplacer::32",
 "src/kragg/report.py::core/NumberReplacer::33",
 "src/kragg/report.py::core/NumberReplacer::6",
 "src/kragg/report.py::core/NumberReplacer::7",
 "src/kragg/report.py::core/ReplaceAndWithOr::0",
 "src/kragg/report.py::core/ReplaceAndWithOr::1",
 "src/kragg/report.py::core/ReplaceAndWithOr::2",
 "src/kragg/report.py::core/ReplaceAndWithOr::4",
 "src/kragg/report.py::core/ReplaceAndWithOr::5",
 "src/kragg/report.py::core/ReplaceBinaryOperator_Div_Add::0",
 "src/kragg/report.py::core/ReplaceBinaryOperator_Div_BitAnd::0",
 "src/kragg/report.py::core/ReplaceBinaryOperator_Div_BitOr::0",
 "src/kragg/report.py::core/ReplaceBinaryOperator_Div_BitXor::0",
 "src/kragg/report.py::core/ReplaceBinaryOperator_Div_FloorDiv::0",
 "src/kragg/report.py::core/ReplaceBinaryOperator_Div_LShift::0",
 "src/kragg/report.py::core/ReplaceBinaryOperator_Div_Mod::0",
 "src/kragg/report.py::core/ReplaceBinaryOperator_Div_Mul::0",
 "src/kragg/report.py::core/ReplaceBinaryOperator_Div_Pow::0",
 "src/kragg/report.py::core/ReplaceBinaryOperator_Div_RShift::0",
 "src/kragg/report.py::core/ReplaceBinaryOperator_Div_Sub::0",
 "src/kragg/report.py::core/ReplaceBinaryOperator_Sub_Add::3",
 "src/kragg/report.py::core/ReplaceBinaryOperator_Sub_BitAnd::3",
 "src/kragg/report.py::core/ReplaceBinaryOperator_Sub_BitOr::3",
 "src/kragg/report.py::core/ReplaceBinaryOperator_Sub_BitXor::0",
 "src/kragg/report.py::core/ReplaceBinaryOperator_Sub_BitXor::3",
 "src/kragg/report.py::core/ReplaceBinaryOperator_Sub_Div::3",
 "src/kragg/report.py::core/ReplaceBinaryOperator_Sub_FloorDiv::3",
 "src/kragg/report.py::core/ReplaceBinaryOperator_Sub_LShift::3",
 "src/kragg/report.py::core/ReplaceBinaryOperator_Sub_Mod::3",
 "src/kragg/report.py::core/ReplaceBinaryOperator_Sub_Mul::3",
 "src/kragg/report.py::core/ReplaceBinaryOperator_Sub_Pow::3",
 "src/kragg/report.py::core/ReplaceBinaryOperator_Sub_RShift::2",
 "src/kragg/report.py::core/ReplaceBinaryOperator_Sub_RShift::3",
 "src/kragg/report.py::core/ReplaceComparisonOperator_Eq_Lt::0",
 "src/kragg/report.py::core/ReplaceComparisonOperator_Eq_LtE::0",
 "src/kragg/report.py::core/ReplaceComparisonOperator_Gt_Eq::1",
 "src/kragg/report.py::core/ReplaceComparisonOperator_Gt_GtE::0",
 "src/kragg/report.py::core/ReplaceComparisonOperator_Gt_GtE::1",
 "src/kragg/report.py::core/ReplaceComparisonOperator_Gt_Is::1",
 "src/kragg/report.py::core/ReplaceComparisonOperator_Gt_IsNot::0",
 "src/kragg/report.py::core/ReplaceComparisonOperator_Gt_NotEq::0",
 "src/kragg/report.py::core/ReplaceComparisonOperator_Lt_IsNot::0",
 "src/kragg/report.py::core/ReplaceComparisonOperator_Lt_LtE::0",
 "src/kragg/report.py::core/ReplaceComparisonOperator_Lt_NotEq::0",
 "src/kragg/report.py::core/ReplaceTrueWithFalse::0",
 "src/kragg/report.py::core/ReplaceTrueWithFalse::1",
 "src/kragg/report.py::core/ReplaceUnaryOperator_Delete_Not::5",
 "src/kragg/report.py::core/ReplaceUnaryOperator_Delete_Not::6",
 "src/kragg/report.py::core/ReplaceUnaryOperator_Delete_USub::0",
 "src/kragg/report.py::core/ReplaceUnaryOperator_Delete_USub::1",
 "src/kragg/report.py::core/ReplaceUnaryOperator_USub_Invert::0",
 "src/kragg/report.py::core/ReplaceUnaryOperator_USub_Invert::1",
 "src/kragg/report.py::core/ReplaceUnaryOperator_USub_Not::0",
 "src/kragg/report.py::core/ReplaceUnaryOperator_USub_Not::1",
 "src/kragg/report.py::core/ReplaceUnaryOperator_USub_UAdd::0",
 "src/kragg/report.py::core/ReplaceUnaryOperator_USub_UAdd::1"
]
